[cp-algorithms.com/index.html]
[backblue.gif]
[fade.gif]
[index.html]
[ajax.googleapis.com/ajax/libs/jquery/3.6.0/jquery.min.js]
[cp-algorithms.com/js/common.js]
[cdnjs.cloudflare.com/ajax/libs/mathjax/2.7.1/MathJaxdda6.js]
[cp-algorithms.com/css/common.css]
[cdnjs.cloudflare.com/ajax/libs/highlight.js/8.3/styles/xcode.min.css]
[cdnjs.cloudflare.com/ajax/libs/highlight.js/8.3/highlight.min.js]
[cp-algorithms.com/index-2.html]
[external.html]
[cp-algorithms.com/algebra/binary-exp.html]
[cp-algorithms.com/algebra/euclid-algorithm.html]
[cp-algorithms.com/algebra/extended-euclid-algorithm.html]
[cp-algorithms.com/algebra/linear-diophantine-equation.html]
[cp-algorithms.com/algebra/fibonacci-numbers.html]
[cp-algorithms.com/algebra/sieve-of-eratosthenes.html]
[cp-algorithms.com/algebra/prime-sieve-linear.html]
[cp-algorithms.com/algebra/primality_tests.html]
[cp-algorithms.com/algebra/factorization.html]
[cp-algorithms.com/algebra/phi-function.html]
[cp-algorithms.com/algebra/divisors.html]
[cp-algorithms.com/algebra/module-inverse.html]
[cp-algorithms.com/algebra/linear_congruence_equation.html]
[cp-algorithms.com/algebra/chinese-remainder-theorem.html]
[cp-algorithms.com/algebra/factorial-modulo.html]
[cp-algorithms.com/algebra/discrete-log.html]
[cp-algorithms.com/algebra/primitive-root.html]
[cp-algorithms.com/algebra/discrete-root.html]
[cp-algorithms.com/algebra/montgomery_multiplication.html]
[cp-algorithms.com/algebra/balanced-ternary.html]
[cp-algorithms.com/algebra/gray-code.html]
[cp-algorithms.com/algebra/all-submasks.html]
[cp-algorithms.com/algebra/big-integer.html]
[cp-algorithms.com/algebra/fft.html]
[cp-algorithms.com/algebra/polynomial.html]
[cp-algorithms.com/data_structures/stack_queue_modification.html]
[cp-algorithms.com/data_structures/sparse-table.html]
[cp-algorithms.com/data_structures/disjoint_set_union.html]
[cp-algorithms.com/data_structures/fenwick.html]
[cp-algorithms.com/data_structures/sqrt_decomposition.html]
[cp-algorithms.com/data_structures/segment_tree.html]
[cp-algorithms.com/data_structures/treap.html]
[cp-algorithms.com/data_structures/sqrt-tree.html]
[cp-algorithms.com/data_structures/randomized_heap.html]
[cp-algorithms.com/data_structures/deleting_in_log_n.html]
[cp-algorithms.com/dynamic_programming/divide-and-conquer-dp.html]
[cp-algorithms.com/dynamic_programming/profile-dynamics.html]
[cp-algorithms.com/dynamic_programming/zero_matrix.html]
[cp-algorithms.com/string/string-hashing.html]
[cp-algorithms.com/string/rabin-karp.html]
[cp-algorithms.com/string/prefix-function.html]
[cp-algorithms.com/string/z-function.html]
[cp-algorithms.com/string/suffix-array.html]
[cp-algorithms.com/string/aho_corasick.html]
[cp-algorithms.com/string/suffix-tree-ukkonen.html]
[cp-algorithms.com/string/suffix-automaton.html]
[cp-algorithms.com/string/lyndon_factorization.html]
[cp-algorithms.com/string/expression_parsing.html]
[cp-algorithms.com/string/manacher.html]
[cp-algorithms.com/string/main_lorentz.html]
[cp-algorithms.com/linear_algebra/linear-system-gauss.html]
[cp-algorithms.com/linear_algebra/determinant-gauss.html]
[cp-algorithms.com/linear_algebra/determinant-kraut.html]
[cp-algorithms.com/linear_algebra/rank-matrix.html]
[cp-algorithms.com/algebra/factorial-divisors.html]
[cp-algorithms.com/combinatorics/binomial-coefficients.html]
[cp-algorithms.com/combinatorics/catalan-numbers.html]
[cp-algorithms.com/combinatorics/inclusion-exclusion.html]
[cp-algorithms.com/combinatorics/burnside.html]
[cp-algorithms.com/combinatorics/stars_and_bars.html]
[cp-algorithms.com/combinatorics/generating_combinations.html]
[cp-algorithms.com/combinatorics/bishops-on-chessboard.html]
[cp-algorithms.com/combinatorics/bracket_sequences.html]
[cp-algorithms.com/combinatorics/counting_labeled_graphs.html]
[cp-algorithms.com/num_methods/ternary_search.html]
[cp-algorithms.com/num_methods/roots_newton.html]
[cp-algorithms.com/num_methods/simpson-integration.html]
[cp-algorithms.com/geometry/basic-geometry.html]
[cp-algorithms.com/geometry/segment-to-line.html]
[cp-algorithms.com/geometry/lines-intersection.html]
[cp-algorithms.com/geometry/check-segments-intersection.html]
[cp-algorithms.com/geometry/segments-intersection.html]
[cp-algorithms.com/geometry/circle-line-intersection.html]
[cp-algorithms.com/geometry/circle-circle-intersection.html]
[cp-algorithms.com/geometry/tangents-to-two-circles.html]
[cp-algorithms.com/geometry/length-of-segments-union.html]
[cp-algorithms.com/geometry/oriented-triangle-area.html]
[cp-algorithms.com/geometry/area-of-simple-polygon.html]
[cp-algorithms.com/geometry/point-in-convex-polygon.html]
[cp-algorithms.com/geometry/minkowski.html]
[cp-algorithms.com/geometry/picks-theorem.html]
[cp-algorithms.com/geometry/lattice-points.html]
[cp-algorithms.com/geometry/grahams-scan-convex-hull.html]
[cp-algorithms.com/geometry/convex_hull_trick.html]
[cp-algorithms.com/geometry/intersecting_segments.html]
[cp-algorithms.com/geometry/point-location.html]
[cp-algorithms.com/geometry/nearest_points.html]
[cp-algorithms.com/geometry/delaunay.html]
[cp-algorithms.com/geometry/vertical_decomposition.html]
[cp-algorithms.com/geometry/halfplane-intersection.html]
[cp-algorithms.com/graph/breadth-first-search.html]
[cp-algorithms.com/graph/depth-first-search.html]
[cp-algorithms.com/graph/search-for-connected-components.html]
[cp-algorithms.com/graph/bridge-searching.html]
[cp-algorithms.com/graph/bridge-searching-online.html]
[cp-algorithms.com/graph/cutpoints.html]
[cp-algorithms.com/graph/strongly-connected-components.html]
[cp-algorithms.com/graph/strong-orientation.html]
[cp-algorithms.com/graph/dijkstra.html]
[cp-algorithms.com/graph/dijkstra_sparse.html]
[cp-algorithms.com/graph/bellman_ford.html]
[cp-algorithms.com/graph/01_bfs.html]
[cp-algorithms.com/graph/desopo_pape.html]
[cp-algorithms.com/graph/all-pair-shortest-path-floyd-warshall.html]
[cp-algorithms.com/graph/fixed_length_paths.html]
[cp-algorithms.com/graph/mst_prim.html]
[cp-algorithms.com/graph/mst_kruskal.html]
[cp-algorithms.com/graph/mst_kruskal_with_dsu.html]
[cp-algorithms.com/graph/second_best_mst.html]
[cp-algorithms.com/graph/kirchhoff-theorem.html]
[cp-algorithms.com/graph/pruefer_code.html]
[cp-algorithms.com/graph/finding-cycle.html]
[cp-algorithms.com/graph/finding-negative-cycle-in-graph.html]
[cp-algorithms.com/graph/euler_path.html]
[cp-algorithms.com/graph/lca.html]
[cp-algorithms.com/graph/lca_binary_lifting.html]
[cp-algorithms.com/graph/lca_farachcoltonbender.html]
[cp-algorithms.com/graph/rmq_linear.html]
[cp-algorithms.com/graph/lca_tarjan.html]
[cp-algorithms.com/graph/edmonds_karp.html]
[cp-algorithms.com/graph/push-relabel.html]
[cp-algorithms.com/graph/push-relabel-faster.html]
[cp-algorithms.com/graph/dinic.html]
[cp-algorithms.com/graph/mpm.html]
[cp-algorithms.com/graph/flow_with_demands.html]
[cp-algorithms.com/graph/min_cost_flow.html]
[cp-algorithms.com/graph/Assignment-problem-min-flow.html]
[cp-algorithms.com/graph/bipartite-check.html]
[cp-algorithms.com/graph/kuhn_maximum_bipartite_matching.html]
[cp-algorithms.com/graph/topological-sort.html]
[cp-algorithms.com/graph/edge_vertex_connectivity.html]
[cp-algorithms.com/graph/tree_painting.html]
[cp-algorithms.com/graph/2SAT.html]
[cp-algorithms.com/graph/hld.html]
[cp-algorithms.com/sequences/rmq.html]
[cp-algorithms.com/sequences/longest_increasing_subsequence.html]
[cp-algorithms.com/others/maximum_average_segment.html]
[cp-algorithms.com/sequences/k-th.html]
[cp-algorithms.com/game_theory/games_on_graphs.html]
[cp-algorithms.com/game_theory/sprague-grundy-nim.html]
[cp-algorithms.com/schedules/schedule_one_machine.html]
[cp-algorithms.com/schedules/schedule_two_machines.html]
[cp-algorithms.com/schedules/schedule-with-completion-duration.html]
[cp-algorithms.com/others/josephus_problem.html]
[cp-algorithms.com/others/15-puzzle.html]
[cp-algorithms.com/others/stern_brocot_tree_farey_sequences.html]
[cp-algorithms.com/contrib.html]
[www.google-analytics.com/analytics.js]
[cp-algorithms.com/index.html]
[cp-algorithms.com/css/common.css]
[cdnjs.cloudflare.com/ajax/libs/highlight.js/8.3/styles/xcode.min.css]
[cp-algorithms.com/index-2.html]
[cp-algorithms.com/algebra/binary-exp.html]
[cp-algorithms.com/algebra/euclid-algorithm.html]
[cp-algorithms.com/algebra/extended-euclid-algorithm.html]
[cp-algorithms.com/algebra/linear-diophantine-equation.html]
[cp-algorithms.com/algebra/fibonacci-numbers.html]
[cp-algorithms.com/img/sieve_eratosthenes.png]
[cp-algorithms.com/algebra/sieve-of-eratosthenes.html]
[cp-algorithms.com/algebra/prime-sieve-linear.html]
[cp-algorithms.com/algebra/primality_tests.html]
[cp-algorithms.com/img/pollard_rho.png]
[cp-algorithms.com/algebra/factorization.html]
[cp-algorithms.com/algebra/phi-function.html]
[cp-algorithms.com/algebra/divisors.html]
[cp-algorithms.com/algebra/module-inverse.html]
[cp-algorithms.com/algebra/linear_congruence_equation.html]
[cp-algorithms.com/algebra/chinese-remainder-theorem.html]
[cp-algorithms.com/algebra/factorial-modulo.html]
[cp-algorithms.com/algebra/discrete-log.html]
[cp-algorithms.com/algebra/primitive-root.html]
[cp-algorithms.com/algebra/discrete-root.html]
[cp-algorithms.com/algebra/montgomery_multiplication.html]
[ternary.3neko.ru/photo/setun1_small.jpg]
[cp-algorithms.com/algebra/balanced-ternary.html]
[cp-algorithms.com/algebra/gray-code.html]
[cp-algorithms.com/algebra/all-submasks.html]
[cp-algorithms.com/algebra/big-integer.html]
[cp-algorithms.com/algebra/fft.html]
[cp-algorithms.com/algebra/polynomial.html]
[cp-algorithms.com/data_structures/stack_queue_modification.html]
[cp-algorithms.com/data_structures/sparse-table.html]
[cp-algorithms.com/img/DSU_example.png]
[cp-algorithms.com/img/DSU_path_compression.png]
[cp-algorithms.com/data_structures/disjoint_set_union.html]
[www.cis.upenn.edu/_sanjeev/papers/soda14_disjoint_set_union.pdf]
[cp-algorithms.com/img/binary_indexed_tree.png]
[ioinformatics.org/journal/v9_2015_39_44.pdf]
[cp-algorithms.com/data_structures/fenwick.html]
[cp-algorithms.com/data_structures/sqrt_decomposition.html]
[cp-algorithms.com/img/sum-segment-tree.png]
[cp-algorithms.com/img/sum-segment-tree-query.png]
[cp-algorithms.com/img/sum-segment-tree-update.png]
[cp-algorithms.com/data_structures/segment_tree.html]
[www.cs.cmu.edu/_scandal/papers/treaps-spaa98.pdf]
[cp-algorithms.com/data_structures/treap.html]
[cp-algorithms.com/data_structures/sqrt-tree.html]
[cp-algorithms.com/data_structures/randomized_heap.html]
[cp-algorithms.com/data_structures/deleting_in_log_n.html]
[onlinejudge.org/external/125/12524.pdf]
[onlinejudge.org/external/125/12594.pdf]
[cp-algorithms.com/dynamic_programming/divide-and-conquer-dp.html]
[cp-algorithms.com/dynamic_programming/profile-dynamics.html]
[cp-algorithms.com/dynamic_programming/zero_matrix.html]
[cp-algorithms.com/string/string-hashing.html]
[cp-algorithms.com/string/rabin-karp.html]
[cp-algorithms.com/string/prefix-function.html]
[cp-algorithms.com/string/z-function.html]
[cp-algorithms.com/string/suffix-array.html]
[cp-algorithms.com/string/aho_corasick.html]
[cp-algorithms.com/string/suffix-tree-ukkonen.html]
[web.stanford.edu/_mjkay/gusfield.pdf]
[cp-algorithms.com/img/SA.png]
[cp-algorithms.com/img/SAa.png]
[cp-algorithms.com/img/SAaa.png]
[cp-algorithms.com/img/SAab.png]
[cp-algorithms.com/img/SAaba.png]
[cp-algorithms.com/img/SAabb.png]
[cp-algorithms.com/img/SAabbb.png]
[cp-algorithms.com/string/suffix-automaton.html]
[cp-algorithms.com/string/lyndon_factorization.html]
[cp-algorithms.com/string/expression_parsing.html]
[cp-algorithms.com/string/manacher.html]
[cp-algorithms.com/string/main_lorentz.html]
[cp-algorithms.com/linear_algebra/linear-system-gauss.html]
[cp-algorithms.com/linear_algebra/determinant-gauss.html]
[cp-algorithms.com/linear_algebra/determinant-kraut.html]
[cp-algorithms.com/linear_algebra/rank-matrix.html]
[cp-algorithms.com/algebra/factorial-divisors.html]
[cp-algorithms.com/img/SA_suffix_links.png]
[cp-algorithms.com/combinatorics/binomial-coefficients.html]
[cp-algorithms.com/combinatorics/catalan-numbers.html]
[web.archive.org/web/20170202003812/http_/www.dms.umontreal.ca/_andrew/PDF/BinCoeff.html]
[cp-algorithms.com/img/venn-inclusion-exclusion.png]
[cp-algorithms.com/combinatorics/inclusion-exclusion.html]
[cp-algorithms.com/combinatorics/burnside.html]
[cp-algorithms.com/combinatorics/stars_and_bars.html]
[cp-algorithms.com/combinatorics/generating_combinations.html]
[cp-algorithms.com/combinatorics/bishops-on-chessboard.html]
[cp-algorithms.com/combinatorics/bracket_sequences.html]
[cp-algorithms.com/combinatorics/counting_labeled_graphs.html]
[cp-algorithms.com/num_methods/ternary_search.html]
[cp-algorithms.com/num_methods/roots_newton.html]
[cp-algorithms.com/num_methods/simpson-integration.html]
[upload.wikimedia.org/wikipedia/commons/thumb/3/3e/Dot_Product.svg/300px-Dot_Product.svg.png]
[i.imgur.com/eyO7St4.png]
[upload.wikimedia.org/wikipedia/commons/thumb/3/3e/Parallelepiped_volume.svg/240px-Parallelepiped_volume.svg.png]
[upload.wikimedia.org/wikipedia/commons/thumb/b/b0/Cross_product_vector.svg/250px-Cross_product_vector.svg.png]
[cp-algorithms.com/geometry/basic-geometry.html]
[cp-algorithms.com/geometry/segment-to-line.html]
[cp-algorithms.com/geometry/lines-intersection.html]
[cp-algorithms.com/geometry/check-segments-intersection.html]
[cp-algorithms.com/geometry/segments-intersection.html]
[cp-algorithms.com/geometry/circle-line-intersection.html]
[cp-algorithms.com/geometry/circle-circle-intersection.html]
[cp-algorithms.com/geometry/tangents-to-two-circles.html]
[cp-algorithms.com/geometry/length-of-segments-union.html]
[cp-algorithms.com/geometry/oriented-triangle-area.html]
[cp-algorithms.com/geometry/area-of-simple-polygon.html]
[cp-algorithms.com/geometry/point-in-convex-polygon.html]
[cp-algorithms.com/img/tangents-to-two-circles.png]
[cp-algorithms.com/geometry/minkowski.html]
[cp-algorithms.com/img/minkowski.gif]
[cp-algorithms.com/geometry/picks-theorem.html]
[cp-algorithms.com/img/lattice.png]
[cp-algorithms.com/img/mirror.png]
[cp-algorithms.com/geometry/lattice-points.html]
[cp-algorithms.com/geometry/grahams-scan-convex-hull.html]
[cp-algorithms.com/img/convex_hull_trick.png]
[cp-algorithms.com/img/li_chao_vertex.png]
[cp-algorithms.com/geometry/convex_hull_trick.html]
[cp-algorithms.com/img/sweep_line_1.png]
[cp-algorithms.com/img/sweep_line_2.png]
[cp-algorithms.com/img/sweep_line_3.png]
[cp-algorithms.com/geometry/intersecting_segments.html]
[cp-algorithms.com/img/point_location_goal.png]
[cp-algorithms.com/img/point_location_events.png]
[cp-algorithms.com/geometry/point-location.html]
[cp-algorithms.com/geometry/nearest_points.html]
[cp-algorithms.com/img/quad-edge.png]
[cp-algorithms.com/geometry/delaunay.html]
[cp-algorithms.com/img/triangle_union.png]
[cp-algorithms.com/geometry/vertical_decomposition.html]
[cp-algorithms.com/img/halfplanes_rep.png]
[cp-algorithms.com/img/halfplanes_hp1.png]
[cp-algorithms.com/img/halfplanes_hp2.png]
[cp-algorithms.com/geometry/halfplane-intersection.html]
[cp-algorithms.com/graph/breadth-first-search.html]
[cp-algorithms.com/graph/depth-first-search.html]
[cp-algorithms.com/graph/search-for-connected-components.html]
[cp-algorithms.com/graph/bridge-searching.html]
[cp-algorithms.com/graph/bridge-searching-online.html]
[cp-algorithms.com/graph/cutpoints.html]
[cp-algorithms.com/graph/strongly-connected-components.html]
[cp-algorithms.com/graph/strong-orientation.html]
[cp-algorithms.com/graph/dijkstra.html]
[cp-algorithms.com/graph/dijkstra_sparse.html]
[cp-algorithms.com/graph/bellman_ford.html]
[cp-algorithms.com/graph/01_bfs.html]
[cp-algorithms.com/graph/desopo_pape.html]
[cp-algorithms.com/graph/all-pair-shortest-path-floyd-warshall.html]
[cp-algorithms.com/graph/fixed_length_paths.html]
[cp-algorithms.com/img/MST_before.png]
[cp-algorithms.com/img/MST_after.png]
[cp-algorithms.com/graph/mst_prim.html]
[cp-algorithms.com/graph/mst_kruskal.html]
[cp-algorithms.com/graph/mst_kruskal_with_dsu.html]
[cp-algorithms.com/img/second_best_mst_1.png]
[cp-algorithms.com/img/second_best_mst_2.png]
[web.mit.edu/6.263/www/quiz1-f05-sol.pdf]
[cp-algorithms.com/graph/second_best_mst.html]
[cp-algorithms.com/graph/kirchhoff-theorem.html]
[cp-algorithms.com/graph/pruefer_code.html]
[cp-algorithms.com/graph/finding-cycle.html]
[cp-algorithms.com/graph/finding-negative-cycle-in-graph.html]
[cp-algorithms.com/graph/euler_path.html]
[cp-algorithms.com/graph/lca.html]
[cp-algorithms.com/graph/lca_binary_lifting.html]
[cp-algorithms.com/graph/lca_farachcoltonbender.html]
[cp-algorithms.com/img/LCA_Euler.png]
[cp-algorithms.com/img/CartesianTree.png]
[cp-algorithms.com/img/CartesianTreeLCA.png]
[cp-algorithms.com/graph/rmq_linear.html]
[cp-algorithms.com/graph/lca_tarjan.html]
[cp-algorithms.com/img/Flow1.png]
[cp-algorithms.com/img/Flow9.png]
[cp-algorithms.com/img/Flow2.png]
[cp-algorithms.com/img/Flow3.png]
[cp-algorithms.com/img/Flow4.png]
[cp-algorithms.com/img/Flow5.png]
[cp-algorithms.com/img/Flow6.png]
[cp-algorithms.com/img/Flow7.png]
[cp-algorithms.com/img/Flow8.png]
[cp-algorithms.com/img/Cut.png]
[cp-algorithms.com/graph/edmonds_karp.html]
[cp-algorithms.com/graph/push-relabel.html]
[cp-algorithms.com/graph/push-relabel-faster.html]
[cp-algorithms.com/graph/dinic.html]
[cp-algorithms.com/graph/mpm.html]
[cp-algorithms.com/graph/flow_with_demands.html]
[cp-algorithms.com/graph/min_cost_flow.html]
[cp-algorithms.com/graph/Assignment-problem-min-flow.html]
[cp-algorithms.com/graph/bipartite-check.html]
[cp-algorithms.com/graph/kuhn_maximum_bipartite_matching.html]
[cp-algorithms.com/graph/topological-sort.html]
[cp-algorithms.com/graph/edge_vertex_connectivity.html]
[cp-algorithms.com/graph/tree_painting.html]
[cp-algorithms.com/img/2SAT.png]
[cp-algorithms.com/graph/2SAT.html]
[cp-algorithms.com/img/2SAT_SCC.png]
[cp-algorithms.com/graph/hld.html]
[cp-algorithms.com/sequences/rmq.html]
[cp-algorithms.com/img/hld.png]
[onlinejudge.org/external/127/12747.pdf]
[onlinejudge.org/external/120/12002.pdf]
[onlinejudge.org/external/11/1196.pdf]
[cp-algorithms.com/sequences/longest_increasing_subsequence.html]
[cp-algorithms.com/others/maximum_average_segment.html]
[cp-algorithms.com/sequences/k-th.html]
[cp-algorithms.com/game_theory/games_on_graphs.html]
[cp-algorithms.com/game_theory/sprague-grundy-nim.html]
[cp-algorithms.com/schedules/schedule_one_machine.html]
[cp-algorithms.com/schedules/schedule_two_machines.html]
[cp-algorithms.com/schedules/schedule-with-completion-duration.html]
[cp-algorithms.com/others/josephus_problem.html]
[www.cs.cmu.edu/afs/cs/academic/class/15859-f01/www/notes/15-puzzle.pdf]
[cp-algorithms.com/others/15-puzzle.html]
[cp-algorithms.com/others/stern_brocot_tree_farey_sequences.html]
[upload.wikimedia.org/wikipedia/commons/thumb/3/37/SternBrocotTree.svg/1024px-SternBrocotTree.svg.png]
[cp-algorithms.com/contrib.html]
[cp-algorithms.com/test.html]
[cp-algorithms.com/demo-article.html]
[web.archive.org/_static/css/banner-styles2d4a.css]
[web.archive.org/_static/css/iconochive8307.css]
[web.archive.org/_static/images/toolbar/wayback-toolbar-logo-200.png]
[web.archive.org/_static/images/toolbar/wm_tb_prv_on.png]
[web.archive.org/_static/images/toolbar/wm_tb_nxt_on.png]
[web.archive.org/web/20170202003812/http_/www.dms.umontreal.ca/_andrew/PDF/BinCoeff.html]
[www.geometer.org/mathcircles/catalan.html]
[www.geometer.org/mathcircles/pick.html]
[web.archive.org/_static/images/loading.gif]
[cp-algorithms.com/demo-article.html]
[web.archive.org/_static/css/banner-styles2d4a.css]
[web.archive.org/_static/css/iconochive8307.css]
[cp-algorithms.com/img/search-bridge-formula.html]
