[oj.uz/index.html]
[backblue.gif]
[fade.gif]
[index.html]
[oj.uz/login5e05.html]
[oj.uz/register.html]
[oj.uz/contests.html]
[oj.uz/indexd6dc.html]
[oj.uz/index7038.html]
[oj.uz/problems.html]
[oj.uz/index.html]
[oj.uz/submissions.html]
[oj.uz/login5b84.html]
[oj.uz/login76c3.html]
[oj.uz/logina1c8.html]
[oj.uz/login5e05.html]
[oj.uz/forgotten.html]
[oj.uz/login5b38.html]
[oj.uz/register7038.html]
[oj.uz/register.html]
[oj.uz/registerd6dc.html]
[oj.uz/index7038.html]
[oj.uz/loginf2f5.html]
[oj.uz/indexd6dc.html]
[oj.uz/login61e3.html]
[oj.uz/logind539.html]
[oj.uz/contests7038.html]
[oj.uz/contestsd6dc.html]
[oj.uz/contest/view/IOI2021DAY2.html]
[oj.uz/contest/participants/IOI2021DAY2.html]
[oj.uz/contest/view/IOI2021DAY1.html]
[oj.uz/contest/participants/IOI2021DAY1.html]
[oj.uz/contest/view/FUNCTIONCUP4PRACTICE.html]
[oj.uz/contest/participants/FUNCTIONCUP4PRACTICE.html]
[oj.uz/contest/view/FUNCTIONCUP4.html]
[oj.uz/contest/participants/FUNCTIONCUP4.html]
[oj.uz/contest/view/FUNCTIONCUP3PRACTICE.html]
[oj.uz/contest/participants/FUNCTIONCUP3PRACTICE.html]
[oj.uz/contest/view/FUNCTIONCUP3.html]
[oj.uz/contest/participants/FUNCTIONCUP3.html]
[oj.uz/contest/view/FUNCTIONCUP2PRACTICETEST.html]
[oj.uz/contest/participants/FUNCTIONCUP2PRACTICETEST.html]
[oj.uz/contest/view/FUNCTIONCUP2.html]
[oj.uz/contest/participants/FUNCTIONCUP2.html]
[oj.uz/contest/view/KRIII5PRACTICE.html]
[oj.uz/contest/participants/KRIII5PRACTICE.html]
[oj.uz/contest/view/KRIII5.html]
[oj.uz/contest/participants/KRIII5.html]
[oj.uz/contest/view/OJUZ11.html]
[oj.uz/contest/participants/OJUZ11.html]
[oj.uz/contest/view/KRIII4PRACTICE.html]
[oj.uz/contest/participants/KRIII4PRACTICE.html]
[oj.uz/contest/view/KRIII4.html]
[oj.uz/contest/participants/KRIII4.html]
[oj.uz/contest/view/KRIII3PRACTICE.html]
[oj.uz/contest/participants/KRIII3PRACTICE.html]
[oj.uz/contest/view/KRIII3.html]
[oj.uz/contest/participants/KRIII3.html]
[oj.uz/contest/view/OJUZ10.html]
[oj.uz/contest/participants/OJUZ10.html]
[oj.uz/contest/view/GA9.html]
[oj.uz/contest/participants/GA9.html]
[oj.uz/contest/view/NANA2.html]
[oj.uz/contest/participants/NANA2.html]
[oj.uz/contest/view/NANA2PRACTICE.html]
[oj.uz/contest/participants/NANA2PRACTICE.html]
[oj.uz/contest/view/KRIII2PRACTICE.html]
[oj.uz/contests.html]
[oj.uz/contest/participants/KRIII2PRACTICE.html]
[oj.uz/logindb88.html]
[oj.uz/problems7038.html]
[oj.uz/problemsd6dc.html]
[oj.uz/problems/sorted/solved.html]
[oj.uz/problems/source.html]
[oj.uz/problem/view/APIO13_interference.html]
[oj.uz/problem/view/APIO13_robots.html]
[oj.uz/problem/view/APIO13_toll.html]
[oj.uz/problem/view/APIO14_beads.html]
[oj.uz/problem/view/APIO14_palindrome.html]
[oj.uz/problem/view/APIO14_sequence.html]
[oj.uz/problem/view/APIO15_bridge.html]
[oj.uz/problem/view/APIO15_sculpture.html]
[oj.uz/problem/view/APIO15_skyscraper.html]
[oj.uz/problem/view/APIO16_boat.html]
[oj.uz/problem/view/APIO16_fireworks.html]
[oj.uz/problem/view/APIO16_gap.html]
[oj.uz/problem/view/APIO17_koala.html]
[oj.uz/problem/view/APIO17_merchant.html]
[oj.uz/problem/view/APIO17_rainbow.html]
[oj.uz/problem/view/APIO18_circle_selection.html]
[oj.uz/problem/view/APIO18_duathlon.html]
[oj.uz/problem/view/APIO18_new_home.html]
[oj.uz/problem/view/APIO19_bridges.html]
[oj.uz/problem/view/APIO19_strange_device.html]
[oj.uz/problem/view/APIO19_street_lamps.html]
[oj.uz/problem/view/APIO20_fun.html]
[oj.uz/problem/view/APIO20_paint.html]
[oj.uz/problem/view/APIO20_swap.html]
[oj.uz/problem/view/APIO21_hexagon.html]
[oj.uz/problems1f0c.html]
[oj.uz/problems6be7.html]
[oj.uz/problemseac3.html]
[oj.uz/problems9730.html]
[oj.uz/problems.html]
[oj.uz/problems3025.html]
[oj.uz/logina527.html]
[oj.uz/submissions7038.html]
[oj.uz/submissionsd6dc.html]
[oj.uz/submissions1f78.html]
[oj.uz/submissions9cb6.html]
[oj.uz/submissionsba30.html]
[oj.uz/submissions2c4d]
[oj.uz/problem/view/eJOI20_exam.html]
[oj.uz/problem/view/IZhO14_bank.html]
[oj.uz/problem/view/IOI16_aliens.html]
[oj.uz/problem/view/INOI20_sumtree.html]
[oj.uz/problem/view/POI11_roz.html]
[oj.uz/problem/view/CEOI13_treasure2.html]
[oj.uz/problem/view/eJOI19_adventure.html]
[oj.uz/problem/view/BSC_0_8.html]
[oj.uz/submissions.html]
[oj.uz/problem/view/COCI19_zvijezda.html]
[oj.uz/login181d.html]
[oj.uz/loginc392.html]
[oj.uz/login5b84.html]
[oj.uz/login1990.html]
[oj.uz/login76c3.html]
[oj.uz/login44f0.html]
[oj.uz/logina1c8.html]
[oj.uz/login9130.html]
[oj.uz/login0d6d.html]
[oj.uz/forgotten7038.html]
[oj.uz/forgotten.html]
[oj.uz/forgottend6dc.html]
[oj.uz/login9af1.html]
[oj.uz/login569d.html]
[oj.uz/login5b38.html]
[oj.uz/loginb4dc.html]
[oj.uz/register7038.html]
[oj.uz/login7f90.html]
[oj.uz/registerd6dc.html]
[oj.uz/login68ff.html]
[oj.uz/login272d.html]
[oj.uz/login8b6b.html]
[oj.uz/loginf2f5.html]
[oj.uz/loginde40.html]
[oj.uz/login1ac9.html]
[oj.uz/login6472.html]
[oj.uz/login61e3.html]
[oj.uz/login21aa.html]
[oj.uz/login0313.html]
[oj.uz/login8220.html]
[oj.uz/logind539.html]
[oj.uz/loginb72c.html]
[oj.uz/contests7038.html]
[oj.uz/login4244.html]
[oj.uz/contestsd6dc.html]
[oj.uz/login7231.html]
[oj.uz/contest/view/IOI2021DAY2.html]
[oj.uz/contest/participants/IOI2021DAY2.html]
[oj.uz/contest/view/IOI2021DAY1.html]
[oj.uz/contest/participants/IOI2021DAY1.html]
[oj.uz/contest/view/FUNCTIONCUP4PRACTICE.html]
[oj.uz/contest/participants/FUNCTIONCUP4PRACTICE.html]
[oj.uz/contest/view/FUNCTIONCUP4.html]
[oj.uz/contest/participants/FUNCTIONCUP4.html]
[oj.uz/contest/view/FUNCTIONCUP3PRACTICE.html]
[oj.uz/contest/participants/FUNCTIONCUP3PRACTICE.html]
[oj.uz/contest/view/FUNCTIONCUP3.html]
[oj.uz/contest/participants/FUNCTIONCUP3.html]
[oj.uz/contest/view/FUNCTIONCUP2PRACTICETEST.html]
[oj.uz/contest/participants/FUNCTIONCUP2PRACTICETEST.html]
[oj.uz/contest/view/FUNCTIONCUP2.html]
[oj.uz/contest/participants/FUNCTIONCUP2.html]
[oj.uz/contest/view/KRIII5PRACTICE.html]
[oj.uz/contest/participants/KRIII5PRACTICE.html]
[oj.uz/contest/view/KRIII5.html]
[oj.uz/contest/participants/KRIII5.html]
[oj.uz/contest/view/OJUZ11.html]
[oj.uz/contest/participants/OJUZ11.html]
[oj.uz/contest/view/KRIII4PRACTICE.html]
[oj.uz/contest/participants/KRIII4PRACTICE.html]
[oj.uz/contest/view/KRIII4.html]
[oj.uz/contest/participants/KRIII4.html]
[oj.uz/contest/view/KRIII3PRACTICE.html]
[oj.uz/contest/participants/KRIII3PRACTICE.html]
[oj.uz/contest/view/KRIII3.html]
[oj.uz/contest/participants/KRIII3.html]
[oj.uz/contest/view/OJUZ10.html]
[oj.uz/contest/participants/OJUZ10.html]
[oj.uz/contest/view/GA9.html]
[oj.uz/contest/participants/GA9.html]
[oj.uz/contest/view/NANA2.html]
[oj.uz/contest/participants/NANA2.html]
[oj.uz/contest/view/NANA2PRACTICE.html]
[oj.uz/contest/participants/NANA2PRACTICE.html]
[oj.uz/contest/view/KRIII2PRACTICE.html]
[oj.uz/contest/participants/KRIII2PRACTICE.html]
[oj.uz/logindb88.html]
[oj.uz/problems7038.html]
[oj.uz/problemsd6dc.html]
[oj.uz/problems/sorted/solved.html]
[oj.uz/problems/source.html]
[oj.uz/problem/view/APIO13_interference.html]
[oj.uz/problem/view/APIO13_robots.html]
[oj.uz/problem/view/APIO13_toll.html]
[oj.uz/problem/view/APIO14_beads.html]
[oj.uz/problem/view/APIO14_palindrome.html]
[oj.uz/problem/view/APIO14_sequence.html]
[oj.uz/problem/view/APIO15_bridge.html]
[oj.uz/problem/view/APIO15_sculpture.html]
[oj.uz/problem/view/APIO15_skyscraper.html]
[oj.uz/problem/view/APIO16_boat.html]
[oj.uz/problem/view/APIO16_fireworks.html]
[oj.uz/problem/view/APIO16_gap.html]
[oj.uz/problem/view/APIO17_koala.html]
[oj.uz/problem/view/APIO17_merchant.html]
[oj.uz/problem/view/APIO17_rainbow.html]
[oj.uz/problem/view/APIO18_circle_selection.html]
[oj.uz/problem/view/APIO18_duathlon.html]
[oj.uz/problem/view/APIO18_new_home.html]
[oj.uz/problem/view/APIO19_bridges.html]
[oj.uz/problem/view/APIO19_strange_device.html]
[oj.uz/problem/view/APIO19_street_lamps.html]
[oj.uz/problem/view/APIO20_fun.html]
[oj.uz/problem/view/APIO20_paint.html]
[oj.uz/problem/view/APIO20_swap.html]
[oj.uz/problem/view/APIO21_hexagon.html]
[oj.uz/problems1f0c.html]
[oj.uz/problems6be7.html]
[oj.uz/problemseac3.html]
[oj.uz/problems9730.html]
[oj.uz/problems3025.html]
[oj.uz/logina527.html]
[oj.uz/submissions7038.html]
[oj.uz/submissionsd6dc.html]
[oj.uz/submissions1f78.html]
[oj.uz/submissions9cb6.html]
[oj.uz/submissionsba30.html]
[oj.uz/submissions2c4d.html]
[oj.uz/problem/view/eJOI20_exam.html]
[oj.uz/problem/view/IZhO14_bank.html]
[oj.uz/problem/view/IOI16_aliens.html]
[oj.uz/problem/view/INOI20_sumtree.html]
[oj.uz/problem/view/POI11_roz.html]
[oj.uz/problem/view/CEOI13_treasure2.html]
[oj.uz/problem/view/eJOI19_adventure.html]
[oj.uz/problem/view/BSC_0_8.html]
[oj.uz/problem/view/COCI19_zvijezda.html]
[oj.uz/login181d.html]
[oj.uz/loginc392.html]
[oj.uz/login1990.html]
[oj.uz/login44f0.html]
[oj.uz/login9130.html]
[oj.uz/login0d6d.html]
[oj.uz/forgotten7038.html]
[oj.uz/forgottend6dc.html]
[oj.uz/login9af1.html]
[oj.uz/login569d.html]
[oj.uz/loginb4dc.html]
[oj.uz/login7f90.html]
[oj.uz/login68ff.html]
[oj.uz/login272d.html]
[oj.uz/login8b6b.html]
[oj.uz/loginde40.html]
[oj.uz/login1ac9.html]
[oj.uz/login6472.html]
[oj.uz/login21aa.html]
[oj.uz/login0313.html]
[oj.uz/login8220.html]
[oj.uz/loginb72c.html]
[oj.uz/login4244.html]
[oj.uz/login7231.html]
[oj.uz/logind9c0.html]
[oj.uz/logind9c0.html]
